// Jest Snapshot v1, https://goo.gl/fbAQLP

exports[`<CartList /> should render the cart list 1`] = `
.c4 {
  padding: 2.4rem;
  border-bottom: 0.1rem solid #EAEAEA;
}

.c5 {
  display: -webkit-box;
  display: -webkit-flex;
  display: -ms-flexbox;
  display: flex;
}

.c6 {
  -webkit-flex-shrink: 0;
  -ms-flex-negative: 0;
  flex-shrink: 0;
  margin-right: 1.2rem;
  width: 9.6rem;
  height: 5.6rem;
}

.c6 img {
  width: 100%;
  height: 100%;
  object-fit: cover;
}

.c7 {
  display: -webkit-box;
  display: -webkit-flex;
  display: -ms-flexbox;
  display: flex;
  -webkit-flex-direction: column;
  -ms-flex-direction: column;
  flex-direction: column;
  -webkit-align-items: flex-start;
  -webkit-box-align: flex-start;
  -ms-flex-align: flex-start;
  align-items: flex-start;
}

.c8 {
  font-size: 1.4rem;
  line-height: 1.4rem;
  font-weight: 600;
  color: #030517;
  margin-bottom: 0.8rem;
}

.c9 {
  color: #FAFAFA;
  padding: 0.2rem 0.8rem;
  background-color: #3CD3C1;
  border-radius: 0.4rem;
  font-size: 1.4rem;
  font-weight: 600;
}

.c2 {
  color: #030517;
  position: relative;
  margin-bottom: 3.2rem;
  font-size: 1.6rem;
}

.c2::after {
  content: '';
  position: absolute;
  left: 0;
  bottom: -1rem;
  width: 5rem;
  border-bottom: 0.5rem solid #F231A5;
}

.c2::after {
  width: 3rem;
}

.c0 {
  max-height: 45rem;
  min-height: 30rem;
  background: #FAFAFA;
  display: -webkit-box;
  display: -webkit-flex;
  display: -ms-flexbox;
  display: flex;
  -webkit-flex-direction: column;
  -ms-flex-direction: column;
  flex-direction: column;
  -webkit-box-pack: justify;
  -webkit-justify-content: space-between;
  -ms-flex-pack: justify;
  justify-content: space-between;
  -webkit-align-self: start;
  -ms-flex-item-align: start;
  align-self: start;
}

.c0 .c1 {
  margin: 2.4rem;
}

.c3 {
  overflow: auto;
}

.c3::-webkit-scrollbar-track {
  background-color: #EAEAEA;
}

.c3::-webkit-scrollbar {
  width: 6px;
}

.c3::-webkit-scrollbar-thumb {
  background-color: #a5a5a5;
  border-radius: 0.4rem;
}

.c10 {
  background: #eee;
  color: #030517;
  font-weight: 600;
  font-size: 1.4rem;
  display: -webkit-box;
  display: -webkit-flex;
  display: -ms-flexbox;
  display: flex;
  -webkit-box-pack: justify;
  -webkit-justify-content: space-between;
  -ms-flex-pack: justify;
  justify-content: space-between;
}

.c11 {
  color: #F231A5;
}

@media (min-width:768px) {
  .c4 {
    display: -webkit-box;
    display: -webkit-flex;
    display: -ms-flexbox;
    display: flex;
  }
}

@media (min-width:768px) {
  .c6 {
    margin-right: 1.6rem;
    width: 15rem;
    height: 7rem;
  }
}

@media (min-width:768px) {
  .c8 {
    font-size: 2rem;
    line-height: 2rem;
  }
}

@media (min-width:768px) {
  .c10 {
    font-size: 1.6rem;
    padding: 2.4rem;
  }
}

@media (max-width:1170px) {
  .c10 {
    padding: 4.0rem 2rem;
    -webkit-align-items: center;
    -webkit-box-align: center;
    -ms-flex-align: center;
    align-items: center;
    font-size: 1.8rem;
  }
}

@media (max-width:768px) {
  .c10 {
    padding: 2rem;
  }
}

<main
  class="c0"
>
  <h2
    class="c1 c2"
    color="black"
  >
    Items
  </h2>
  <div
    class="c3"
  >
    <div
      class="c4"
    >
      <div
        class="c5"
      >
        <div
          class="c6"
        >
          <img
            alt="Red Dead Redemption 2"
            src="https://source.unsplash.com/user/willianjusten/151x70"
          />
        </div>
        <div
          class="c7"
        >
          <h3
            class="c8"
          >
            Red Dead Redemption 2
          </h3>
          <div
            class="c9"
          >
            R$ 215,00
          </div>
        </div>
      </div>
    </div>
    <div
      class="c4"
    >
      <div
        class="c5"
      >
        <div
          class="c6"
        >
          <img
            alt="Borderlands 3"
            src="https://source.unsplash.com/user/willianjusten/151x70"
          />
        </div>
        <div
          class="c7"
        >
          <h3
            class="c8"
          >
            Borderlands 3
          </h3>
          <div
            class="c9"
          >
            R$ 215,00
          </div>
        </div>
      </div>
    </div>
  </div>
  <div
    class="c10"
  >
    Total: 
    <span
      class="c11"
    >
      R$ 330,00
    </span>
  </div>
</main>
`;
